../Core/Src/main.c:110:5:__io_putchar	16	static
../Core/Src/main.c:146:5:main	16	static
../Core/Src/main.c:779:6:SystemClock_Config	88	static
../Core/Src/main.c:833:13:MX_NVIC_Init	8	static
../Core/Src/main.c:847:19:button_status	16	static
../Core/Src/main.c:863:6:screen	32	static
../Core/Src/main.c:873:6:I2C_Scan	104	static
../Core/Src/main.c:892:19:LCD_SendInternal	32	static
../Core/Src/main.c:916:6:LCD_SendCommand	16	static
../Core/Src/main.c:920:6:LCD_SendData	16	static
../Core/Src/main.c:924:6:LCD_Init	16	static
../Core/Src/main.c:935:6:LCD_SendString	16	static
../Core/Src/main.c:942:6:init	8	static
../Core/Src/main.c:955:6:HAL_GPIO_EXTI_Callback	16	static
../Core/Src/main.c:977:6:HAL_TIM_PeriodElapsedCallback	16	static
../Core/Src/main.c:1018:6:Error_Handler	4	static,ignoring_inline_asm
