../Core/Src/main.c:150:5:__io_putchar	16	static
../Core/Src/main.c:174:5:main	1560	static
../Core/Src/main.c:1115:6:SystemClock_Config	88	static
../Core/Src/main.c:1169:13:MX_NVIC_Init	8	static
../Core/Src/main.c:1186:19:button_status	16	static
../Core/Src/main.c:1202:6:screen	32	static
../Core/Src/main.c:1213:6:HAL_GPIO_EXTI_Callback	16	static
../Core/Src/main.c:1237:6:HAL_TIM_PeriodElapsedCallback	16	static
../Core/Src/main.c:1279:6:note	40	static
../Core/Src/main.c:1312:10:pitch_change	16	static
../Core/Src/main.c:1341:10:octave_change	16	static
../Core/Src/main.c:1344:10:temp_change	16	static
../Core/Src/main.c:1365:6:Error_Handler	4	static,ignoring_inline_asm
