../Core/Src/main.c:128:5:__io_putchar	16	static
../Core/Src/main.c:171:5:main	8	static
../Core/Src/main.c:242:6:SystemClock_Config	88	static
../Core/Src/main.c:293:13:MX_NVIC_Init	8	static
../Core/Src/main.c:310:6:InitFlag	16	static
../Core/Src/main.c:320:19:button_status	16	static
../Core/Src/main.c:336:6:screen	32	static
../Core/Src/main.c:346:6:HAL_GPIO_EXTI_Callback	16	static
../Core/Src/main.c:370:6:HAL_TIM_PeriodElapsedCallback	16	static
../Core/Src/main.c:416:6:note	40	static
../Core/Src/main.c:448:10:pitch_change	16	static
../Core/Src/main.c:469:10:octave_change	16	static
../Core/Src/main.c:472:10:temp_change	16	static
../Core/Src/main.c:484:7:note_address	24	static
../Core/Src/main.c:496:5:time_value	24	static
../Core/Src/main.c:509:6:adc_up	32	static
../Core/Src/main.c:594:6:adc_down	32	static
../Core/Src/main.c:657:6:adc_left	16	static
../Core/Src/main.c:685:6:adc_right	16	static
../Core/Src/main.c:715:6:song_choice_func	16	static
../Core/Src/main.c:724:6:mode_choice	24	static
../Core/Src/main.c:811:6:mode_func_Normal	40	static
../Core/Src/main.c:888:6:mode_func_SetTime	8	static
../Core/Src/main.c:938:6:mode_func_SetAlarm	16	static
../Core/Src/main.c:992:6:mode_func_SetSong	24	static
../Core/Src/main.c:1062:10:song_Set	24	static
../Core/Src/main.c:1099:6:Error_Handler	4	static,ignoring_inline_asm
