../Core/Src/main.c:130:5:__io_putchar	16	static
../Core/Src/main.c:173:5:main	8	static
../Core/Src/main.c:251:6:SystemClock_Config	88	static
../Core/Src/main.c:305:13:MX_NVIC_Init	8	static
../Core/Src/main.c:325:6:HAL_GPIO_EXTI_Callback	16	static
../Core/Src/main.c:349:6:HAL_TIM_PeriodElapsedCallback	16	static
../Core/Src/main.c:396:6:HAL_UART_RxCpltCallback	16	static
../Core/Src/main.c:420:6:InitFlag	16	static
../Core/Src/main.c:430:19:button_status	16	static
../Core/Src/main.c:446:6:screen	32	static
../Core/Src/main.c:456:6:note	40	static
../Core/Src/main.c:488:10:pitch_change	16	static
../Core/Src/main.c:509:10:octave_change	16	static
../Core/Src/main.c:512:10:temp_change	16	static
../Core/Src/main.c:524:7:note_address	24	static
../Core/Src/main.c:536:5:time_value	24	static
../Core/Src/main.c:549:6:adc_up	32	static
../Core/Src/main.c:634:6:adc_down	32	static
../Core/Src/main.c:697:6:adc_left	16	static
../Core/Src/main.c:725:6:adc_right	16	static
../Core/Src/main.c:755:6:song_choice_func	16	static
../Core/Src/main.c:764:6:mode_choice	24	static
../Core/Src/main.c:851:6:mode_func_Normal	40	static
../Core/Src/main.c:932:6:mode_func_SetTime	8	static
../Core/Src/main.c:982:6:mode_func_SetAlarm	16	static
../Core/Src/main.c:1036:6:mode_func_SetSong	24	static
../Core/Src/main.c:1113:10:song_Set	16	static
../Core/Src/main.c:1147:6:Error_Handler	4	static,ignoring_inline_asm
