../Core/Src/main.c:85:5:__io_putchar	16	static
../Core/Src/main.c:105:6:I2C_Scan	112	static
../Core/Src/main.c:124:19:LCD_SendInternal	32	static
../Core/Src/main.c:148:6:LCD_SendCommand	16	static
../Core/Src/main.c:152:6:LCD_SendData	16	static
../Core/Src/main.c:156:6:LCD_Init	16	static
../Core/Src/main.c:167:6:LCD_SendString	16	static
../Core/Src/main.c:174:6:init	8	static
../Core/Src/main.c:187:6:loop	8	static
../Core/Src/main.c:199:5:main	16	static
../Core/Src/main.c:338:6:SystemClock_Config	88	static
../Core/Src/main.c:392:13:MX_NVIC_Init	8	static
../Core/Src/main.c:400:19:button_status	16	static
../Core/Src/main.c:416:6:Error_Handler	4	static,ignoring_inline_asm
