../Core/Src/main.c:91:5:__io_putchar	16	static
../Core/Src/main.c:111:6:I2C_Scan	112	static
../Core/Src/main.c:130:19:LCD_SendInternal	32	static
../Core/Src/main.c:154:6:LCD_SendCommand	16	static
../Core/Src/main.c:158:6:LCD_SendData	16	static
../Core/Src/main.c:162:6:LCD_Init	16	static
../Core/Src/main.c:173:6:LCD_SendString	16	static
../Core/Src/main.c:180:6:init	8	static
../Core/Src/main.c:193:6:loop	8	static
../Core/Src/main.c:205:5:main	16	static
../Core/Src/main.c:377:6:SystemClock_Config	88	static
../Core/Src/main.c:431:13:MX_NVIC_Init	8	static
../Core/Src/main.c:442:19:button_status	16	static
../Core/Src/main.c:453:6:HAL_GPIO_EXTI_Callback	16	static
../Core/Src/main.c:476:6:Error_Handler	4	static,ignoring_inline_asm
