../Core/Src/main.c:94:5:__io_putchar	16	static
../Core/Src/main.c:129:5:main	16	static
../Core/Src/main.c:283:6:SystemClock_Config	88	static
../Core/Src/main.c:337:13:MX_NVIC_Init	8	static
../Core/Src/main.c:351:19:button_status	16	static
../Core/Src/main.c:367:6:I2C_Scan	104	static
../Core/Src/main.c:387:19:LCD_SendInternal	32	static
../Core/Src/main.c:411:6:LCD_SendCommand	16	static
../Core/Src/main.c:415:6:LCD_SendData	16	static
../Core/Src/main.c:419:6:LCD_Init	16	static
../Core/Src/main.c:430:6:LCD_SendString	16	static
../Core/Src/main.c:437:6:init	8	static
../Core/Src/main.c:451:6:HAL_GPIO_EXTI_Callback	16	static
../Core/Src/main.c:468:6:HAL_TIM_PeriodElapsedCallback	16	static
../Core/Src/main.c:497:6:Error_Handler	4	static,ignoring_inline_asm
