../Core/Src/main.c:140:5:__io_putchar	16	static
../Core/Src/main.c:164:5:main	1544	static
../Core/Src/main.c:1027:6:SystemClock_Config	88	static
../Core/Src/main.c:1081:13:MX_NVIC_Init	8	static
../Core/Src/main.c:1098:19:button_status	16	static
../Core/Src/main.c:1114:6:screen	32	static
../Core/Src/main.c:1125:6:HAL_GPIO_EXTI_Callback	16	static
../Core/Src/main.c:1149:6:HAL_TIM_PeriodElapsedCallback	16	static
../Core/Src/main.c:1191:6:note	40	static
../Core/Src/main.c:1224:10:pitch_change	16	static
../Core/Src/main.c:1253:10:octave_change	16	static
../Core/Src/main.c:1256:10:temp_change	16	static
../Core/Src/main.c:1277:6:Error_Handler	4	static,ignoring_inline_asm
