../Core/Src/main.c:129:5:__io_putchar	16	static
../Core/Src/main.c:158:5:main	48	static
../Core/Src/main.c:924:6:SystemClock_Config	88	static
../Core/Src/main.c:978:13:MX_NVIC_Init	8	static
../Core/Src/main.c:996:6:InitFlag	16	static
../Core/Src/main.c:1005:19:button_status	16	static
../Core/Src/main.c:1021:6:screen	32	static
../Core/Src/main.c:1032:6:HAL_GPIO_EXTI_Callback	16	static
../Core/Src/main.c:1056:6:HAL_TIM_PeriodElapsedCallback	16	static
../Core/Src/main.c:1103:6:note	40	static
../Core/Src/main.c:1136:10:pitch_change	16	static
../Core/Src/main.c:1165:10:octave_change	16	static
../Core/Src/main.c:1168:10:temp_change	16	static
../Core/Src/main.c:1183:7:note_address	24	static
../Core/Src/main.c:1196:5:time_value	24	static
../Core/Src/main.c:1216:6:Error_Handler	4	static,ignoring_inline_asm
