../Core/Src/main.c:139:5:__io_putchar	16	static
../Core/Src/main.c:163:5:main	1544	static
../Core/Src/main.c:1021:6:SystemClock_Config	88	static
../Core/Src/main.c:1075:13:MX_NVIC_Init	8	static
../Core/Src/main.c:1092:19:button_status	16	static
../Core/Src/main.c:1108:6:screen	32	static
../Core/Src/main.c:1119:6:HAL_GPIO_EXTI_Callback	16	static
../Core/Src/main.c:1141:6:HAL_TIM_PeriodElapsedCallback	16	static
../Core/Src/main.c:1183:6:note	48	static
../Core/Src/main.c:1218:10:pitch_change	16	static
../Core/Src/main.c:1247:10:octave_change	16	static
../Core/Src/main.c:1250:10:temp_change	16	static
../Core/Src/main.c:1271:6:Error_Handler	4	static,ignoring_inline_asm
