../Core/Src/main.c:113:5:__io_putchar	16	static
../Core/Src/main.c:149:5:main	24	static
../Core/Src/main.c:852:6:SystemClock_Config	88	static
../Core/Src/main.c:903:13:MX_NVIC_Init	8	static
../Core/Src/main.c:916:19:button_status	16	static
../Core/Src/main.c:932:6:screen	32	static
../Core/Src/main.c:942:6:I2C_Scan	104	static
../Core/Src/main.c:961:19:LCD_SendInternal	32	static
../Core/Src/main.c:985:6:LCD_SendCommand	16	static
../Core/Src/main.c:989:6:LCD_SendData	16	static
../Core/Src/main.c:993:6:LCD_Init	16	static
../Core/Src/main.c:1004:6:LCD_SendString	16	static
../Core/Src/main.c:1011:6:init	8	static
../Core/Src/main.c:1024:6:HAL_GPIO_EXTI_Callback	16	static
../Core/Src/main.c:1046:6:HAL_TIM_PeriodElapsedCallback	16	static
../Core/Src/main.c:1087:6:Error_Handler	4	static,ignoring_inline_asm
