../Core/Src/main.c:111:5:__io_putchar	16	static
../Core/Src/main.c:147:5:main	24	static
../Core/Src/main.c:847:6:SystemClock_Config	88	static
../Core/Src/main.c:898:13:MX_NVIC_Init	8	static
../Core/Src/main.c:911:19:button_status	16	static
../Core/Src/main.c:927:6:screen	32	static
../Core/Src/main.c:937:6:I2C_Scan	104	static
../Core/Src/main.c:956:19:LCD_SendInternal	32	static
../Core/Src/main.c:980:6:LCD_SendCommand	16	static
../Core/Src/main.c:984:6:LCD_SendData	16	static
../Core/Src/main.c:988:6:LCD_Init	16	static
../Core/Src/main.c:999:6:LCD_SendString	16	static
../Core/Src/main.c:1006:6:init	8	static
../Core/Src/main.c:1019:6:HAL_GPIO_EXTI_Callback	16	static
../Core/Src/main.c:1041:6:HAL_TIM_PeriodElapsedCallback	16	static
../Core/Src/main.c:1082:6:Error_Handler	4	static,ignoring_inline_asm
