../Core/Src/main.c:140:5:__io_putchar	16	static
../Core/Src/main.c:167:5:main	1552	static
../Core/Src/main.c:1014:6:SystemClock_Config	88	static
../Core/Src/main.c:1068:13:MX_NVIC_Init	8	static
../Core/Src/main.c:1086:6:InitFlag	16	static
../Core/Src/main.c:1095:19:button_status	16	static
../Core/Src/main.c:1111:6:screen	32	static
../Core/Src/main.c:1122:6:HAL_GPIO_EXTI_Callback	16	static
../Core/Src/main.c:1146:6:HAL_TIM_PeriodElapsedCallback	16	static
../Core/Src/main.c:1188:6:note	40	static
../Core/Src/main.c:1221:10:pitch_change	16	static
../Core/Src/main.c:1250:10:octave_change	16	static
../Core/Src/main.c:1253:10:temp_change	16	static
../Core/Src/main.c:1274:6:Error_Handler	4	static,ignoring_inline_asm
