../Core/Src/main.c:104:5:__io_putchar	16	static
../Core/Src/main.c:139:5:main	24	static
../Core/Src/main.c:346:6:SystemClock_Config	88	static
../Core/Src/main.c:400:13:MX_NVIC_Init	8	static
../Core/Src/main.c:414:19:button_status	16	static
../Core/Src/main.c:430:6:I2C_Scan	104	static
../Core/Src/main.c:450:19:LCD_SendInternal	32	static
../Core/Src/main.c:474:6:LCD_SendCommand	16	static
../Core/Src/main.c:478:6:LCD_SendData	16	static
../Core/Src/main.c:482:6:LCD_Init	16	static
../Core/Src/main.c:493:6:LCD_SendString	16	static
../Core/Src/main.c:500:6:init	8	static
../Core/Src/main.c:514:6:HAL_GPIO_EXTI_Callback	16	static
../Core/Src/main.c:532:6:HAL_TIM_PeriodElapsedCallback	16	static
../Core/Src/main.c:567:6:Error_Handler	4	static,ignoring_inline_asm
