../Core/Src/main.c:139:5:__io_putchar	16	static
../Core/Src/main.c:163:5:main	1536	static
../Core/Src/main.c:1028:6:SystemClock_Config	88	static
../Core/Src/main.c:1082:13:MX_NVIC_Init	8	static
../Core/Src/main.c:1099:19:button_status	16	static
../Core/Src/main.c:1115:6:HAL_TIM_PeriodElapsedCallback	16	static
../Core/Src/main.c:1161:6:screen	32	static
../Core/Src/main.c:1172:6:HAL_GPIO_EXTI_Callback	16	static
../Core/Src/main.c:1198:6:note	48	static
../Core/Src/main.c:1233:10:pitch_change	16	static
../Core/Src/main.c:1262:10:octave_change	16	static
../Core/Src/main.c:1265:10:temp_change	16	static
../Core/Src/main.c:1286:6:Error_Handler	4	static,ignoring_inline_asm
