../Core/Src/main.c:139:5:__io_putchar	16	static
../Core/Src/main.c:163:5:main	1544	static
../Core/Src/main.c:1030:6:SystemClock_Config	88	static
../Core/Src/main.c:1084:13:MX_NVIC_Init	8	static
../Core/Src/main.c:1101:19:button_status	16	static
../Core/Src/main.c:1117:6:HAL_TIM_PeriodElapsedCallback	16	static
../Core/Src/main.c:1163:6:screen	32	static
../Core/Src/main.c:1174:6:HAL_GPIO_EXTI_Callback	16	static
../Core/Src/main.c:1200:6:note	48	static
../Core/Src/main.c:1235:10:pitch_change	16	static
../Core/Src/main.c:1264:10:octave_change	16	static
../Core/Src/main.c:1267:10:temp_change	16	static
../Core/Src/main.c:1288:6:Error_Handler	4	static,ignoring_inline_asm
