../Core/Src/main.c:129:5:__io_putchar	16	static
../Core/Src/main.c:170:5:main	8	static
../Core/Src/main.c:246:6:SystemClock_Config	88	static
../Core/Src/main.c:297:13:MX_NVIC_Init	8	static
../Core/Src/main.c:314:6:InitFlag	16	static
../Core/Src/main.c:324:19:button_status	16	static
../Core/Src/main.c:340:6:screen	32	static
../Core/Src/main.c:350:6:HAL_GPIO_EXTI_Callback	16	static
../Core/Src/main.c:374:6:HAL_TIM_PeriodElapsedCallback	16	static
../Core/Src/main.c:420:6:note	40	static
../Core/Src/main.c:454:10:pitch_change	16	static
../Core/Src/main.c:475:10:octave_change	16	static
../Core/Src/main.c:478:10:temp_change	16	static
../Core/Src/main.c:490:7:note_address	24	static
../Core/Src/main.c:502:5:time_value	24	static
../Core/Src/main.c:515:6:adc_up	32	static
../Core/Src/main.c:600:6:adc_down	32	static
../Core/Src/main.c:663:6:adc_left	16	static
../Core/Src/main.c:691:6:adc_right	16	static
../Core/Src/main.c:721:6:song_choice_func	16	static
../Core/Src/main.c:730:6:mode_choice	24	static
../Core/Src/main.c:817:6:mode_func_Normal	40	static
../Core/Src/main.c:892:6:mode_func_SetTime	8	static
../Core/Src/main.c:942:6:mode_func_SetAlarm	16	static
../Core/Src/main.c:996:6:mode_func_SetSong	24	static
../Core/Src/main.c:1050:6:Error_Handler	4	static,ignoring_inline_asm
